// Jest Snapshot v1, https://goo.gl/fbAQLP

exports[`it matches snapshot 1`] = `
<DocumentFragment>
  <div>
    <p>
      Hello, I'm the Broken Component!
    </p>
    <p>
      Here are some numbers:
    </p>
    <p>
      42
    </p>
    <p>
      43
    </p>
    <p>
      45
    </p>
  </div>
</DocumentFragment>
`;
